chr1	1	10	species1_gap	chr1	1	15	species2_gap	-2516	[{2 0} {1 1} {6 0} {4 1} {1 0}]
chr1	40	50	species1_Insertion	chr1	30	30	species2_gap_size0	-1950	[{10 2}]
chr1	60	700	species1_gap	chr1	35	1300	species2_gap	-167784	[{3 0} {9 1} {4 0} {1 2} {7 0} {75 1} {5 0} {11 1} {5 0} {31 1} {6 0} {3 1} {9 0} {17 1} {4 0} {7 1} {12 0} {4 1} {18 0} {14 1} {5 0} {15 1} {3 0} {15 1} {5 0} {15 1} {5 0} {21 1} {19 0} {10 1} {2 0} {4 1} {4 0} {5 1} {6 0} {15 1} {11 0} {14 1} {9 0} {30 1} {15 0} {20 1} {12 0} {19 1} {8 0} {10 1} {2 0} {5 1} {19 0} {3 1} {7 0} {6 1} {21 0} {9 1} {17 0} {4 1} {8 0} {5 1} {6 0} {19 1} {13 0} {8 1} {4 0} {27 1} {10 0} {12 1} {16 0} {10 1} {7 0} {41 1} {9 0} {5 1} {24 0} {3 1} {23 0} {5 1} {25 0} {25 1} {24 0} {1 1} {17 0} {24 1} {2 0} {12 1} {21 0} {1 2} {25 0} {8 1} {9 0} {9 1} {12 0} {1 1} {6 0} {8 1} {14 0} {2 2} {17 0} {4 1} {21 0} {2 1} {11 0} {1 2} {27 0} {1 1} {2 0} {4 1} {9 0} {1 1} {10 0} {1 2} {13 0} {5 1} {6 0}]
chr2	1	5	species1_gap	chr2	1	8	species2_gap	-1806	[{1 0} {3 1} {3 0}]
chr2	20	20	species1_gap_size0	chr2	20	40	species2_Insertion	-3450	[{20 1}]
chr2	30	550	species1_gap	chr2	55	850	species2_gap	8140	[{275 1} {520 0}]
