chr1	20	30	species1_gap	chr1	20	30	species2_gap	-2038	[{10 0}]
chr2	1	5	species1_gap	chr2	1	8	species2_gap	-1806	[{1 0} {3 1} {3 0}]
